---
source: src/introspect.rs
expression: output
---
{
  "schema_version": 1,
  "name": "fledge",
  "about": "Dev-lifecycle CLI — get your projects ready to fly.",
  "aliases": [],
  "args": [
    {
      "name": "non_interactive",
      "long": "non-interactive",
      "aliases": [
        "ni"
      ],
      "help": "Run without prompts: treat every interactive confirmation as --yes, and bail with a clear error on prompts that have no default. Also settable via the FLEDGE_NON_INTERACTIVE env var",
      "required": false,
      "takes_value": false,
      "global": true
    }
  ],
  "subcommands": [
    {
      "name": "ai",
      "about": "Manage AI provider and model selection",
      "aliases": [],
      "args": [
        {
          "name": "non_interactive",
          "long": "non-interactive",
          "aliases": [
            "ni"
          ],
          "help": "Run without prompts: treat every interactive confirmation as --yes, and bail with a clear error on prompts that have no default. Also settable via the FLEDGE_NON_INTERACTIVE env var",
          "required": false,
          "takes_value": false,
          "global": true
        }
      ],
      "subcommands": [
        {
          "name": "status",
          "about": "Show the active AI provider, model, and host",
          "aliases": [],
          "args": [
            {
              "name": "json",
              "long": "json",
              "help": "Output as JSON",
              "required": false,
              "takes_value": false,
              "global": false
            },
            {
              "name": "non_interactive",
              "long": "non-interactive",
              "aliases": [
                "ni"
              ],
              "help": "Run without prompts: treat every interactive confirmation as --yes, and bail with a clear error on prompts that have no default. Also settable via the FLEDGE_NON_INTERACTIVE env var",
              "required": false,
              "takes_value": false,
              "global": true
            }
          ],
          "subcommands": []
        },
        {
          "name": "models",
          "about": "List available models for the active (or specified) provider",
          "aliases": [],
          "args": [
            {
              "name": "provider",
              "long": "provider",
              "help": "Provider (default: active/auto-detected provider)",
              "required": false,
              "takes_value": true,
              "value_name": "NAME",
              "global": false
            },
            {
              "name": "search",
              "long": "search",
              "help": "Filter models by substring (case-insensitive)",
              "required": false,
              "takes_value": true,
              "value_name": "QUERY",
              "global": false
            },
            {
              "name": "json",
              "long": "json",
              "help": "Output as JSON",
              "required": false,
              "takes_value": false,
              "global": false
            },
            {
              "name": "non_interactive",
              "long": "non-interactive",
              "aliases": [
                "ni"
              ],
              "help": "Run without prompts: treat every interactive confirmation as --yes, and bail with a clear error on prompts that have no default. Also settable via the FLEDGE_NON_INTERACTIVE env var",
              "required": false,
              "takes_value": false,
              "global": true
            }
          ],
          "subcommands": []
        },
        {
          "name": "use",
          "about": "Select the active provider (and optionally model); interactive if args are omitted",
          "aliases": [],
          "args": [
            {
              "name": "provider",
              "help": "Provider (default: active provider)",
              "required": false,
              "takes_value": true,
              "value_name": "PROVIDER",
              "global": false
            },
            {
              "name": "model",
              "help": "Model name (e.g. qwen3-coder:480b-cloud)",
              "required": false,
              "takes_value": true,
              "value_name": "MODEL",
              "global": false
            },
            {
              "name": "non_interactive",
              "long": "non-interactive",
              "aliases": [
                "ni"
              ],
              "help": "Run without prompts: treat every interactive confirmation as --yes, and bail with a clear error on prompts that have no default. Also settable via the FLEDGE_NON_INTERACTIVE env var",
              "required": false,
              "takes_value": false,
              "global": true
            }
          ],
          "subcommands": []
        }
      ]
    },
    {
      "name": "ask",
      "about": "Ask a question about your codebase",
      "aliases": [],
      "args": [
        {
          "name": "question",
          "help": "The question to ask",
          "required": false,
          "takes_value": true,
          "value_name": "QUESTION",
          "global": false
        },
        {
          "name": "json",
          "long": "json",
          "help": "Output as JSON",
          "required": false,
          "takes_value": false,
          "global": false
        },
        {
          "name": "with_specs",
          "long": "with-specs",
          "help": "Include full spec + companions for these modules in the prompt (comma-separated, repeatable, use \"all\" for every spec)",
          "required": false,
          "takes_value": true,
          "value_name": "NAMES",
          "global": false
        },
        {
          "name": "no_spec_index",
          "long": "no-spec-index",
          "help": "Omit the compact spec index from the prompt (saves tokens)",
          "required": false,
          "takes_value": false,
          "global": false
        },
        {
          "name": "provider",
          "long": "provider",
          "help": "LLM provider (default: auto-detected). Overrides FLEDGE_AI_PROVIDER and ai.provider in config",
          "required": false,
          "takes_value": true,
          "value_name": "NAME",
          "global": false
        },
        {
          "name": "model",
          "long": "model",
          "help": "Model name. Overrides FLEDGE_AI_MODEL and ai.<provider>.model in config",
          "required": false,
          "takes_value": true,
          "value_name": "MODEL",
          "global": false
        },
        {
          "name": "non_interactive",
          "long": "non-interactive",
          "aliases": [
            "ni"
          ],
          "help": "Run without prompts: treat every interactive confirmation as --yes, and bail with a clear error on prompts that have no default. Also settable via the FLEDGE_NON_INTERACTIVE env var",
          "required": false,
          "takes_value": false,
          "global": true
        }
      ],
      "subcommands": []
    },
    {
      "name": "changelog",
      "about": "Generate a changelog from git tags and commits",
      "aliases": [],
      "args": [
        {
          "name": "limit",
          "long": "limit",
          "short": "l",
          "help": "Number of releases to show",
          "required": false,
          "takes_value": true,
          "value_name": "LIMIT",
          "global": false
        },
        {
          "name": "tag",
          "long": "tag",
          "short": "t",
          "help": "Show a specific tag only",
          "required": false,
          "takes_value": true,
          "value_name": "TAG",
          "global": false
        },
        {
          "name": "unreleased",
          "long": "unreleased",
          "help": "Show unreleased changes since the latest tag",
          "required": false,
          "takes_value": false,
          "global": false
        },
        {
          "name": "json",
          "long": "json",
          "help": "Output as JSON",
          "required": false,
          "takes_value": false,
          "global": false
        },
        {
          "name": "non_interactive",
          "long": "non-interactive",
          "aliases": [
            "ni"
          ],
          "help": "Run without prompts: treat every interactive confirmation as --yes, and bail with a clear error on prompts that have no default. Also settable via the FLEDGE_NON_INTERACTIVE env var",
          "required": false,
          "takes_value": false,
          "global": true
        }
      ],
      "subcommands": []
    },
    {
      "name": "completions",
      "about": "Generate shell completions",
      "aliases": [],
      "args": [
        {
          "name": "shell",
          "help": "Shell to generate completions for (auto-detects if omitted with --install)",
          "required": false,
          "takes_value": true,
          "value_name": "SHELL",
          "global": false
        },
        {
          "name": "install",
          "long": "install",
          "help": "Install completions to the standard location for your shell",
          "required": false,
          "takes_value": false,
          "global": false
        },
        {
          "name": "non_interactive",
          "long": "non-interactive",
          "aliases": [
            "ni"
          ],
          "help": "Run without prompts: treat every interactive confirmation as --yes, and bail with a clear error on prompts that have no default. Also settable via the FLEDGE_NON_INTERACTIVE env var",
          "required": false,
          "takes_value": false,
          "global": true
        }
      ],
      "subcommands": []
    },
    {
      "name": "config",
      "about": "Manage global configuration",
      "aliases": [],
      "args": [
        {
          "name": "non_interactive",
          "long": "non-interactive",
          "aliases": [
            "ni"
          ],
          "help": "Run without prompts: treat every interactive confirmation as --yes, and bail with a clear error on prompts that have no default. Also settable via the FLEDGE_NON_INTERACTIVE env var",
          "required": false,
          "takes_value": false,
          "global": true
        }
      ],
      "subcommands": [
        {
          "name": "get",
          "about": "Get a config value",
          "aliases": [],
          "args": [
            {
              "name": "key",
              "help": "Config key (e.g. defaults.github_org)",
              "required": true,
              "takes_value": true,
              "value_name": "KEY",
              "global": false
            },
            {
              "name": "non_interactive",
              "long": "non-interactive",
              "aliases": [
                "ni"
              ],
              "help": "Run without prompts: treat every interactive confirmation as --yes, and bail with a clear error on prompts that have no default. Also settable via the FLEDGE_NON_INTERACTIVE env var",
              "required": false,
              "takes_value": false,
              "global": true
            }
          ],
          "subcommands": []
        },
        {
          "name": "set",
          "about": "Set a config value",
          "aliases": [],
          "args": [
            {
              "name": "key",
              "help": "Config key (e.g. defaults.github_org)",
              "required": true,
              "takes_value": true,
              "value_name": "KEY",
              "global": false
            },
            {
              "name": "value",
              "help": "Value to set",
              "required": true,
              "takes_value": true,
              "value_name": "VALUE",
              "global": false
            },
            {
              "name": "non_interactive",
              "long": "non-interactive",
              "aliases": [
                "ni"
              ],
              "help": "Run without prompts: treat every interactive confirmation as --yes, and bail with a clear error on prompts that have no default. Also settable via the FLEDGE_NON_INTERACTIVE env var",
              "required": false,
              "takes_value": false,
              "global": true
            }
          ],
          "subcommands": []
        },
        {
          "name": "unset",
          "about": "Remove a config value",
          "aliases": [],
          "args": [
            {
              "name": "key",
              "help": "Config key (e.g. defaults.github_org)",
              "required": true,
              "takes_value": true,
              "value_name": "KEY",
              "global": false
            },
            {
              "name": "non_interactive",
              "long": "non-interactive",
              "aliases": [
                "ni"
              ],
              "help": "Run without prompts: treat every interactive confirmation as --yes, and bail with a clear error on prompts that have no default. Also settable via the FLEDGE_NON_INTERACTIVE env var",
              "required": false,
              "takes_value": false,
              "global": true
            }
          ],
          "subcommands": []
        },
        {
          "name": "add",
          "about": "Add a value to a list config key (templates.paths, templates.repos)",
          "aliases": [],
          "args": [
            {
              "name": "key",
              "help": "Config key (templates.paths or templates.repos)",
              "required": true,
              "takes_value": true,
              "value_name": "KEY",
              "global": false
            },
            {
              "name": "value",
              "help": "Value to add",
              "required": true,
              "takes_value": true,
              "value_name": "VALUE",
              "global": false
            },
            {
              "name": "non_interactive",
              "long": "non-interactive",
              "aliases": [
                "ni"
              ],
              "help": "Run without prompts: treat every interactive confirmation as --yes, and bail with a clear error on prompts that have no default. Also settable via the FLEDGE_NON_INTERACTIVE env var",
              "required": false,
              "takes_value": false,
              "global": true
            }
          ],
          "subcommands": []
        },
        {
          "name": "remove",
          "about": "Remove a value from a list config key (templates.paths, templates.repos)",
          "aliases": [],
          "args": [
            {
              "name": "key",
              "help": "Config key (templates.paths or templates.repos)",
              "required": true,
              "takes_value": true,
              "value_name": "KEY",
              "global": false
            },
            {
              "name": "value",
              "help": "Value to remove",
              "required": true,
              "takes_value": true,
              "value_name": "VALUE",
              "global": false
            },
            {
              "name": "non_interactive",
              "long": "non-interactive",
              "aliases": [
                "ni"
              ],
              "help": "Run without prompts: treat every interactive confirmation as --yes, and bail with a clear error on prompts that have no default. Also settable via the FLEDGE_NON_INTERACTIVE env var",
              "required": false,
              "takes_value": false,
              "global": true
            }
          ],
          "subcommands": []
        },
        {
          "name": "edit",
          "about": "Interactively edit config values",
          "aliases": [],
          "args": [
            {
              "name": "non_interactive",
              "long": "non-interactive",
              "aliases": [
                "ni"
              ],
              "help": "Run without prompts: treat every interactive confirmation as --yes, and bail with a clear error on prompts that have no default. Also settable via the FLEDGE_NON_INTERACTIVE env var",
              "required": false,
              "takes_value": false,
              "global": true
            }
          ],
          "subcommands": []
        },
        {
          "name": "list",
          "about": "Show all config values",
          "aliases": [],
          "args": [
            {
              "name": "non_interactive",
              "long": "non-interactive",
              "aliases": [
                "ni"
              ],
              "help": "Run without prompts: treat every interactive confirmation as --yes, and bail with a clear error on prompts that have no default. Also settable via the FLEDGE_NON_INTERACTIVE env var",
              "required": false,
              "takes_value": false,
              "global": true
            }
          ],
          "subcommands": []
        },
        {
          "name": "path",
          "about": "Show config file path",
          "aliases": [],
          "args": [
            {
              "name": "non_interactive",
              "long": "non-interactive",
              "aliases": [
                "ni"
              ],
              "help": "Run without prompts: treat every interactive confirmation as --yes, and bail with a clear error on prompts that have no default. Also settable via the FLEDGE_NON_INTERACTIVE env var",
              "required": false,
              "takes_value": false,
              "global": true
            }
          ],
          "subcommands": []
        },
        {
          "name": "init",
          "about": "Initialize config with a preset (e.g. corvidlabs)",
          "aliases": [],
          "args": [
            {
              "name": "preset",
              "long": "preset",
              "help": "Preset name (available: corvidlabs)",
              "required": false,
              "takes_value": true,
              "value_name": "PRESET",
              "global": false
            },
            {
              "name": "non_interactive",
              "long": "non-interactive",
              "aliases": [
                "ni"
              ],
              "help": "Run without prompts: treat every interactive confirmation as --yes, and bail with a clear error on prompts that have no default. Also settable via the FLEDGE_NON_INTERACTIVE env var",
              "required": false,
              "takes_value": false,
              "global": true
            }
          ],
          "subcommands": []
        }
      ]
    },
    {
      "name": "doctor",
      "about": "Diagnose project environment health",
      "aliases": [],
      "args": [
        {
          "name": "json",
          "long": "json",
          "help": "Output as JSON",
          "required": false,
          "takes_value": false,
          "global": false
        },
        {
          "name": "non_interactive",
          "long": "non-interactive",
          "aliases": [
            "ni"
          ],
          "help": "Run without prompts: treat every interactive confirmation as --yes, and bail with a clear error on prompts that have no default. Also settable via the FLEDGE_NON_INTERACTIVE env var",
          "required": false,
          "takes_value": false,
          "global": true
        }
      ],
      "subcommands": []
    },
    {
      "name": "introspect",
      "about": "Dump the full command tree (for agents and tooling)",
      "aliases": [],
      "args": [
        {
          "name": "json",
          "long": "json",
          "help": "Output as JSON (default: pretty tree)",
          "required": false,
          "takes_value": false,
          "global": false
        },
        {
          "name": "non_interactive",
          "long": "non-interactive",
          "aliases": [
            "ni"
          ],
          "help": "Run without prompts: treat every interactive confirmation as --yes, and bail with a clear error on prompts that have no default. Also settable via the FLEDGE_NON_INTERACTIVE env var",
          "required": false,
          "takes_value": false,
          "global": true
        }
      ],
      "subcommands": []
    },
    {
      "name": "lanes",
      "about": "Manage and run composable workflow pipelines",
      "aliases": [],
      "args": [
        {
          "name": "non_interactive",
          "long": "non-interactive",
          "aliases": [
            "ni"
          ],
          "help": "Run without prompts: treat every interactive confirmation as --yes, and bail with a clear error on prompts that have no default. Also settable via the FLEDGE_NON_INTERACTIVE env var",
          "required": false,
          "takes_value": false,
          "global": true
        }
      ],
      "subcommands": [
        {
          "name": "run",
          "about": "Run a lane by name",
          "aliases": [],
          "args": [
            {
              "name": "name",
              "help": "Lane name",
              "required": true,
              "takes_value": true,
              "value_name": "NAME",
              "global": false
            },
            {
              "name": "dry_run",
              "long": "dry-run",
              "help": "Show execution plan without running",
              "required": false,
              "takes_value": false,
              "global": false
            },
            {
              "name": "json",
              "long": "json",
              "help": "Output results as JSON",
              "required": false,
              "takes_value": false,
              "global": false
            },
            {
              "name": "from",
              "long": "from",
              "help": "Start execution from this step (name or 1-based index)",
              "required": false,
              "takes_value": true,
              "value_name": "FROM",
              "global": false
            },
            {
              "name": "non_interactive",
              "long": "non-interactive",
              "aliases": [
                "ni"
              ],
              "help": "Run without prompts: treat every interactive confirmation as --yes, and bail with a clear error on prompts that have no default. Also settable via the FLEDGE_NON_INTERACTIVE env var",
              "required": false,
              "takes_value": false,
              "global": true
            }
          ],
          "subcommands": []
        },
        {
          "name": "list",
          "about": "List available lanes",
          "aliases": [],
          "args": [
            {
              "name": "json",
              "long": "json",
              "help": "Output as JSON",
              "required": false,
              "takes_value": false,
              "global": false
            },
            {
              "name": "non_interactive",
              "long": "non-interactive",
              "aliases": [
                "ni"
              ],
              "help": "Run without prompts: treat every interactive confirmation as --yes, and bail with a clear error on prompts that have no default. Also settable via the FLEDGE_NON_INTERACTIVE env var",
              "required": false,
              "takes_value": false,
              "global": true
            }
          ],
          "subcommands": []
        },
        {
          "name": "init",
          "about": "Add default lanes to fledge.toml",
          "aliases": [],
          "args": [
            {
              "name": "json",
              "long": "json",
              "help": "Output as JSON",
              "required": false,
              "takes_value": false,
              "global": false
            },
            {
              "name": "non_interactive",
              "long": "non-interactive",
              "aliases": [
                "ni"
              ],
              "help": "Run without prompts: treat every interactive confirmation as --yes, and bail with a clear error on prompts that have no default. Also settable via the FLEDGE_NON_INTERACTIVE env var",
              "required": false,
              "takes_value": false,
              "global": true
            }
          ],
          "subcommands": []
        },
        {
          "name": "search",
          "about": "Search GitHub for community lanes",
          "aliases": [],
          "args": [
            {
              "name": "query",
              "help": "Keyword to filter results",
              "required": false,
              "takes_value": true,
              "value_name": "QUERY",
              "global": false
            },
            {
              "name": "author",
              "long": "author",
              "short": "a",
              "help": "Filter by author/owner",
              "required": false,
              "takes_value": true,
              "value_name": "AUTHOR",
              "global": false
            },
            {
              "name": "json",
              "long": "json",
              "help": "Output as JSON",
              "required": false,
              "takes_value": false,
              "global": false
            },
            {
              "name": "non_interactive",
              "long": "non-interactive",
              "aliases": [
                "ni"
              ],
              "help": "Run without prompts: treat every interactive confirmation as --yes, and bail with a clear error on prompts that have no default. Also settable via the FLEDGE_NON_INTERACTIVE env var",
              "required": false,
              "takes_value": false,
              "global": true
            }
          ],
          "subcommands": []
        },
        {
          "name": "import",
          "about": "Import lanes from a GitHub repo (owner/repo)",
          "aliases": [],
          "args": [
            {
              "name": "source",
              "help": "GitHub repo (owner/repo) or full URL, optionally with @ref",
              "required": true,
              "takes_value": true,
              "value_name": "SOURCE",
              "global": false
            },
            {
              "name": "yes",
              "long": "yes",
              "short": "y",
              "help": "Skip all confirmation prompts",
              "required": false,
              "takes_value": false,
              "global": false
            },
            {
              "name": "json",
              "long": "json",
              "help": "Output as JSON",
              "required": false,
              "takes_value": false,
              "global": false
            },
            {
              "name": "non_interactive",
              "long": "non-interactive",
              "aliases": [
                "ni"
              ],
              "help": "Run without prompts: treat every interactive confirmation as --yes, and bail with a clear error on prompts that have no default. Also settable via the FLEDGE_NON_INTERACTIVE env var",
              "required": false,
              "takes_value": false,
              "global": true
            }
          ],
          "subcommands": []
        },
        {
          "name": "publish",
          "about": "Publish lanes to GitHub",
          "aliases": [],
          "args": [
            {
              "name": "path",
              "help": "Path to the directory containing fledge.toml with lanes",
              "required": false,
              "takes_value": true,
              "value_name": "PATH",
              "global": false
            },
            {
              "name": "org",
              "long": "org",
              "help": "Publish under a GitHub organization",
              "required": false,
              "takes_value": true,
              "value_name": "ORG",
              "global": false
            },
            {
              "name": "private",
              "long": "private",
              "help": "Create as a private repository",
              "required": false,
              "takes_value": false,
              "global": false
            },
            {
              "name": "description",
              "long": "description",
              "help": "Override the repository description",
              "required": false,
              "takes_value": true,
              "value_name": "DESCRIPTION",
              "global": false
            },
            {
              "name": "yes",
              "long": "yes",
              "short": "y",
              "help": "Skip all confirmation prompts",
              "required": false,
              "takes_value": false,
              "global": false
            },
            {
              "name": "json",
              "long": "json",
              "help": "Output as JSON",
              "required": false,
              "takes_value": false,
              "global": false
            },
            {
              "name": "non_interactive",
              "long": "non-interactive",
              "aliases": [
                "ni"
              ],
              "help": "Run without prompts: treat every interactive confirmation as --yes, and bail with a clear error on prompts that have no default. Also settable via the FLEDGE_NON_INTERACTIVE env var",
              "required": false,
              "takes_value": false,
              "global": true
            }
          ],
          "subcommands": []
        },
        {
          "name": "create",
          "about": "Scaffold a new lane repo",
          "aliases": [],
          "args": [
            {
              "name": "name",
              "help": "Lane repo name",
              "required": true,
              "takes_value": true,
              "value_name": "NAME",
              "global": false
            },
            {
              "name": "output",
              "long": "output",
              "short": "o",
              "help": "Parent directory",
              "required": false,
              "takes_value": true,
              "value_name": "OUTPUT",
              "global": false
            },
            {
              "name": "description",
              "long": "description",
              "short": "d",
              "help": "Description (bypasses prompt)",
              "required": false,
              "takes_value": true,
              "value_name": "DESCRIPTION",
              "global": false
            },
            {
              "name": "yes",
              "long": "yes",
              "short": "y",
              "help": "Skip all interactive prompts",
              "required": false,
              "takes_value": false,
              "global": false
            },
            {
              "name": "json",
              "long": "json",
              "help": "Output as JSON",
              "required": false,
              "takes_value": false,
              "global": false
            },
            {
              "name": "non_interactive",
              "long": "non-interactive",
              "aliases": [
                "ni"
              ],
              "help": "Run without prompts: treat every interactive confirmation as --yes, and bail with a clear error on prompts that have no default. Also settable via the FLEDGE_NON_INTERACTIVE env var",
              "required": false,
              "takes_value": false,
              "global": true
            }
          ],
          "subcommands": []
        },
        {
          "name": "validate",
          "about": "Validate lane definitions in fledge.toml",
          "aliases": [],
          "args": [
            {
              "name": "path",
              "help": "Path to a directory containing fledge.toml",
              "required": false,
              "takes_value": true,
              "value_name": "PATH",
              "global": false
            },
            {
              "name": "strict",
              "long": "strict",
              "help": "Treat warnings as errors",
              "required": false,
              "takes_value": false,
              "global": false
            },
            {
              "name": "json",
              "long": "json",
              "help": "Output as JSON",
              "required": false,
              "takes_value": false,
              "global": false
            },
            {
              "name": "non_interactive",
              "long": "non-interactive",
              "aliases": [
                "ni"
              ],
              "help": "Run without prompts: treat every interactive confirmation as --yes, and bail with a clear error on prompts that have no default. Also settable via the FLEDGE_NON_INTERACTIVE env var",
              "required": false,
              "takes_value": false,
              "global": true
            }
          ],
          "subcommands": []
        }
      ]
    },
    {
      "name": "plugins",
      "about": "Manage plugins (install, remove, list, search)",
      "aliases": [],
      "args": [
        {
          "name": "json",
          "long": "json",
          "help": "Output as JSON",
          "required": false,
          "takes_value": false,
          "global": true
        },
        {
          "name": "non_interactive",
          "long": "non-interactive",
          "aliases": [
            "ni"
          ],
          "help": "Run without prompts: treat every interactive confirmation as --yes, and bail with a clear error on prompts that have no default. Also settable via the FLEDGE_NON_INTERACTIVE env var",
          "required": false,
          "takes_value": false,
          "global": true
        }
      ],
      "subcommands": [
        {
          "name": "install",
          "about": "Install a plugin from a local path or git source",
          "aliases": [],
          "args": [
            {
              "name": "source",
              "help": "Local path, git URL, or GitHub repo (`owner/repo[@ref]`). Omit when using `--defaults`",
              "required": false,
              "takes_value": true,
              "value_name": "SOURCE",
              "global": false
            },
            {
              "name": "force",
              "long": "force",
              "help": "Reinstall if already present",
              "required": false,
              "takes_value": false,
              "global": false
            },
            {
              "name": "yes",
              "long": "yes",
              "short": "y",
              "help": "Skip all confirmation prompts (accept defaults)",
              "required": false,
              "takes_value": false,
              "global": false
            },
            {
              "name": "copy",
              "long": "copy",
              "help": "Copy a local plugin into fledge's config dir instead of live-linking it",
              "required": false,
              "takes_value": false,
              "global": false
            },
            {
              "name": "defaults",
              "long": "defaults",
              "help": "Install fledge's curated set of default plugins (github, deps, metrics)",
              "required": false,
              "takes_value": false,
              "global": false
            },
            {
              "name": "json",
              "long": "json",
              "help": "Output as JSON",
              "required": false,
              "takes_value": false,
              "global": true
            },
            {
              "name": "non_interactive",
              "long": "non-interactive",
              "aliases": [
                "ni"
              ],
              "help": "Run without prompts: treat every interactive confirmation as --yes, and bail with a clear error on prompts that have no default. Also settable via the FLEDGE_NON_INTERACTIVE env var",
              "required": false,
              "takes_value": false,
              "global": true
            }
          ],
          "subcommands": []
        },
        {
          "name": "remove",
          "about": "Remove an installed plugin",
          "aliases": [],
          "args": [
            {
              "name": "name",
              "help": "Plugin name",
              "required": true,
              "takes_value": true,
              "value_name": "NAME",
              "global": false
            },
            {
              "name": "json",
              "long": "json",
              "help": "Output as JSON",
              "required": false,
              "takes_value": false,
              "global": true
            },
            {
              "name": "non_interactive",
              "long": "non-interactive",
              "aliases": [
                "ni"
              ],
              "help": "Run without prompts: treat every interactive confirmation as --yes, and bail with a clear error on prompts that have no default. Also settable via the FLEDGE_NON_INTERACTIVE env var",
              "required": false,
              "takes_value": false,
              "global": true
            }
          ],
          "subcommands": []
        },
        {
          "name": "update",
          "about": "Update installed plugins (git pull + rebuild)",
          "aliases": [],
          "args": [
            {
              "name": "name",
              "help": "Plugin name (omit to update all)",
              "required": false,
              "takes_value": true,
              "value_name": "NAME",
              "global": false
            },
            {
              "name": "defaults",
              "long": "defaults",
              "help": "Update only fledge's curated default plugins (skip community plugins)",
              "required": false,
              "takes_value": false,
              "global": false
            },
            {
              "name": "json",
              "long": "json",
              "help": "Output as JSON",
              "required": false,
              "takes_value": false,
              "global": true
            },
            {
              "name": "non_interactive",
              "long": "non-interactive",
              "aliases": [
                "ni"
              ],
              "help": "Run without prompts: treat every interactive confirmation as --yes, and bail with a clear error on prompts that have no default. Also settable via the FLEDGE_NON_INTERACTIVE env var",
              "required": false,
              "takes_value": false,
              "global": true
            }
          ],
          "subcommands": []
        },
        {
          "name": "list",
          "about": "List installed plugins",
          "aliases": [],
          "args": [
            {
              "name": "json",
              "long": "json",
              "help": "Output as JSON",
              "required": false,
              "takes_value": false,
              "global": true
            },
            {
              "name": "non_interactive",
              "long": "non-interactive",
              "aliases": [
                "ni"
              ],
              "help": "Run without prompts: treat every interactive confirmation as --yes, and bail with a clear error on prompts that have no default. Also settable via the FLEDGE_NON_INTERACTIVE env var",
              "required": false,
              "takes_value": false,
              "global": true
            }
          ],
          "subcommands": []
        },
        {
          "name": "audit",
          "about": "Audit installed plugins — show trust tiers, capabilities, and hooks",
          "aliases": [],
          "args": [
            {
              "name": "json",
              "long": "json",
              "help": "Output as JSON",
              "required": false,
              "takes_value": false,
              "global": true
            },
            {
              "name": "non_interactive",
              "long": "non-interactive",
              "aliases": [
                "ni"
              ],
              "help": "Run without prompts: treat every interactive confirmation as --yes, and bail with a clear error on prompts that have no default. Also settable via the FLEDGE_NON_INTERACTIVE env var",
              "required": false,
              "takes_value": false,
              "global": true
            }
          ],
          "subcommands": []
        },
        {
          "name": "search",
          "about": "Search for plugins on GitHub",
          "aliases": [],
          "args": [
            {
              "name": "query",
              "help": "Search query",
              "required": false,
              "takes_value": true,
              "value_name": "QUERY",
              "global": false
            },
            {
              "name": "author",
              "long": "author",
              "short": "a",
              "help": "Filter by author/owner",
              "required": false,
              "takes_value": true,
              "value_name": "AUTHOR",
              "global": false
            },
            {
              "name": "topic",
              "long": "topic",
              "short": "t",
              "help": "Filter by GitHub topic (e.g. `ci`, `rust`, `testing`)",
              "required": false,
              "takes_value": true,
              "value_name": "TOPIC",
              "global": false
            },
            {
              "name": "trust_tier",
              "long": "trust-tier",
              "help": "Filter by trust tier (`official`, `team`, or `unverified`) — applied client-side after fetching",
              "required": false,
              "takes_value": true,
              "value_name": "TIER",
              "global": false
            },
            {
              "name": "limit",
              "long": "limit",
              "short": "l",
              "help": "Maximum results",
              "required": false,
              "takes_value": true,
              "value_name": "LIMIT",
              "global": false
            },
            {
              "name": "interactive",
              "long": "interactive",
              "short": "i",
              "help": "Interactive fuzzy-search — pick a plugin to install",
              "required": false,
              "takes_value": false,
              "global": false
            },
            {
              "name": "json",
              "long": "json",
              "help": "Output as JSON",
              "required": false,
              "takes_value": false,
              "global": true
            },
            {
              "name": "non_interactive",
              "long": "non-interactive",
              "aliases": [
                "ni"
              ],
              "help": "Run without prompts: treat every interactive confirmation as --yes, and bail with a clear error on prompts that have no default. Also settable via the FLEDGE_NON_INTERACTIVE env var",
              "required": false,
              "takes_value": false,
              "global": true
            }
          ],
          "subcommands": []
        },
        {
          "name": "recommend",
          "about": "Recommend plugins based on your project's language and tooling",
          "aliases": [],
          "args": [
            {
              "name": "json",
              "long": "json",
              "help": "Output as JSON",
              "required": false,
              "takes_value": false,
              "global": true
            },
            {
              "name": "non_interactive",
              "long": "non-interactive",
              "aliases": [
                "ni"
              ],
              "help": "Run without prompts: treat every interactive confirmation as --yes, and bail with a clear error on prompts that have no default. Also settable via the FLEDGE_NON_INTERACTIVE env var",
              "required": false,
              "takes_value": false,
              "global": true
            }
          ],
          "subcommands": []
        },
        {
          "name": "run",
          "about": "Run a plugin command",
          "aliases": [],
          "args": [
            {
              "name": "name",
              "help": "Plugin command name",
              "required": true,
              "takes_value": true,
              "value_name": "NAME",
              "global": false
            },
            {
              "name": "args",
              "help": "Arguments to pass to the plugin",
              "required": false,
              "takes_value": true,
              "value_name": "ARGS",
              "global": false
            },
            {
              "name": "json",
              "long": "json",
              "help": "Output as JSON",
              "required": false,
              "takes_value": false,
              "global": true
            },
            {
              "name": "non_interactive",
              "long": "non-interactive",
              "aliases": [
                "ni"
              ],
              "help": "Run without prompts: treat every interactive confirmation as --yes, and bail with a clear error on prompts that have no default. Also settable via the FLEDGE_NON_INTERACTIVE env var",
              "required": false,
              "takes_value": false,
              "global": true
            }
          ],
          "subcommands": []
        },
        {
          "name": "publish",
          "about": "Publish a plugin to GitHub",
          "aliases": [],
          "args": [
            {
              "name": "path",
              "help": "Path to the plugin directory",
              "required": false,
              "takes_value": true,
              "value_name": "PATH",
              "global": false
            },
            {
              "name": "org",
              "long": "org",
              "help": "Publish under a GitHub organization",
              "required": false,
              "takes_value": true,
              "value_name": "ORG",
              "global": false
            },
            {
              "name": "private",
              "long": "private",
              "help": "Create as a private repository",
              "required": false,
              "takes_value": false,
              "global": false
            },
            {
              "name": "description",
              "long": "description",
              "help": "Override the repository description",
              "required": false,
              "takes_value": true,
              "value_name": "DESCRIPTION",
              "global": false
            },
            {
              "name": "yes",
              "long": "yes",
              "short": "y",
              "help": "Skip all confirmation prompts",
              "required": false,
              "takes_value": false,
              "global": false
            },
            {
              "name": "json",
              "long": "json",
              "help": "Output as JSON",
              "required": false,
              "takes_value": false,
              "global": true
            },
            {
              "name": "non_interactive",
              "long": "non-interactive",
              "aliases": [
                "ni"
              ],
              "help": "Run without prompts: treat every interactive confirmation as --yes, and bail with a clear error on prompts that have no default. Also settable via the FLEDGE_NON_INTERACTIVE env var",
              "required": false,
              "takes_value": false,
              "global": true
            }
          ],
          "subcommands": []
        },
        {
          "name": "create",
          "about": "Scaffold a new plugin",
          "aliases": [],
          "args": [
            {
              "name": "name",
              "help": "Plugin name",
              "required": true,
              "takes_value": true,
              "value_name": "NAME",
              "global": false
            },
            {
              "name": "output",
              "long": "output",
              "short": "o",
              "help": "Parent directory",
              "required": false,
              "takes_value": true,
              "value_name": "OUTPUT",
              "global": false
            },
            {
              "name": "description",
              "long": "description",
              "short": "d",
              "help": "Description (bypasses prompt)",
              "required": false,
              "takes_value": true,
              "value_name": "DESCRIPTION",
              "global": false
            },
            {
              "name": "yes",
              "long": "yes",
              "short": "y",
              "help": "Skip all interactive prompts",
              "required": false,
              "takes_value": false,
              "global": false
            },
            {
              "name": "wasm",
              "long": "wasm",
              "help": "Create a WASM plugin (Rust + wasm32-wasip1)",
              "required": false,
              "takes_value": false,
              "global": false
            },
            {
              "name": "json",
              "long": "json",
              "help": "Output as JSON",
              "required": false,
              "takes_value": false,
              "global": true
            },
            {
              "name": "non_interactive",
              "long": "non-interactive",
              "aliases": [
                "ni"
              ],
              "help": "Run without prompts: treat every interactive confirmation as --yes, and bail with a clear error on prompts that have no default. Also settable via the FLEDGE_NON_INTERACTIVE env var",
              "required": false,
              "takes_value": false,
              "global": true
            }
          ],
          "subcommands": []
        },
        {
          "name": "validate",
          "about": "Validate a plugin manifest",
          "aliases": [],
          "args": [
            {
              "name": "path",
              "help": "Path to a directory containing plugin.toml",
              "required": false,
              "takes_value": true,
              "value_name": "PATH",
              "global": false
            },
            {
              "name": "strict",
              "long": "strict",
              "help": "Treat warnings as errors",
              "required": false,
              "takes_value": false,
              "global": false
            },
            {
              "name": "json",
              "long": "json",
              "help": "Output as JSON",
              "required": false,
              "takes_value": false,
              "global": false
            },
            {
              "name": "non_interactive",
              "long": "non-interactive",
              "aliases": [
                "ni"
              ],
              "help": "Run without prompts: treat every interactive confirmation as --yes, and bail with a clear error on prompts that have no default. Also settable via the FLEDGE_NON_INTERACTIVE env var",
              "required": false,
              "takes_value": false,
              "global": true
            }
          ],
          "subcommands": []
        }
      ]
    },
    {
      "name": "release",
      "about": "Cut a release: bump version, changelog, tag, and optionally push",
      "aliases": [],
      "args": [
        {
          "name": "bump",
          "help": "Version bump: major, minor, patch, or explicit version (e.g. \"1.0.0\")",
          "required": true,
          "takes_value": true,
          "value_name": "BUMP",
          "global": false
        },
        {
          "name": "dry_run",
          "long": "dry-run",
          "help": "Show what would happen without making changes",
          "required": false,
          "takes_value": false,
          "global": false
        },
        {
          "name": "no_tag",
          "long": "no-tag",
          "help": "Skip creating a git tag",
          "required": false,
          "takes_value": false,
          "global": false
        },
        {
          "name": "no_changelog",
          "long": "no-changelog",
          "help": "Skip changelog generation",
          "required": false,
          "takes_value": false,
          "global": false
        },
        {
          "name": "no_bump",
          "long": "no-bump",
          "help": "Skip bumping any version files. Tag-only release, useful when the canonical version lives outside the tree (e.g. the GitHub Release tag itself is the source of truth)",
          "required": false,
          "takes_value": false,
          "global": false
        },
        {
          "name": "push",
          "long": "push",
          "help": "Push commit and tag to remote after release",
          "required": false,
          "takes_value": false,
          "global": false
        },
        {
          "name": "pre_lane",
          "long": "pre-lane",
          "help": "Run a lane before releasing (e.g. \"ci\")",
          "required": false,
          "takes_value": true,
          "value_name": "PRE_LANE",
          "global": false
        },
        {
          "name": "allow_dirty",
          "long": "allow-dirty",
          "help": "Allow releasing with uncommitted changes",
          "required": false,
          "takes_value": false,
          "global": false
        },
        {
          "name": "json",
          "long": "json",
          "help": "Output as JSON",
          "required": false,
          "takes_value": false,
          "global": false
        },
        {
          "name": "non_interactive",
          "long": "non-interactive",
          "aliases": [
            "ni"
          ],
          "help": "Run without prompts: treat every interactive confirmation as --yes, and bail with a clear error on prompts that have no default. Also settable via the FLEDGE_NON_INTERACTIVE env var",
          "required": false,
          "takes_value": false,
          "global": true
        }
      ],
      "subcommands": []
    },
    {
      "name": "review",
      "about": "AI-powered code review of current changes",
      "aliases": [],
      "args": [
        {
          "name": "base",
          "long": "base",
          "short": "b",
          "help": "Base branch to diff against (default: auto-detect)",
          "required": false,
          "takes_value": true,
          "value_name": "BASE",
          "global": false
        },
        {
          "name": "file",
          "long": "file",
          "short": "f",
          "help": "Review only a specific file",
          "required": false,
          "takes_value": true,
          "value_name": "FILE",
          "global": false
        },
        {
          "name": "json",
          "long": "json",
          "help": "Output as JSON",
          "required": false,
          "takes_value": false,
          "global": false
        },
        {
          "name": "model",
          "long": "model",
          "short": "m",
          "help": "Model name for the active provider (overrides FLEDGE_AI_MODEL and ai.<provider>.model in config)",
          "required": false,
          "takes_value": true,
          "value_name": "MODEL",
          "global": false
        },
        {
          "name": "prompt",
          "long": "prompt",
          "short": "p",
          "help": "Custom review focus prompt (appended to default instructions)",
          "required": false,
          "takes_value": true,
          "value_name": "PROMPT",
          "global": false
        },
        {
          "name": "format",
          "long": "format",
          "help": "Output format: summary (default), checklist, inline",
          "required": false,
          "takes_value": true,
          "value_name": "FORMAT",
          "global": false
        },
        {
          "name": "with_specs",
          "long": "with-specs",
          "help": "Include full spec + companions for these modules in the review context (comma-separated, repeatable). Appended to any auto-detected specs",
          "required": false,
          "takes_value": true,
          "value_name": "NAMES",
          "global": false
        },
        {
          "name": "no_auto_specs",
          "long": "no-auto-specs",
          "help": "Disable auto-detection of specs based on files in the diff",
          "required": false,
          "takes_value": false,
          "global": false
        },
        {
          "name": "provider",
          "long": "provider",
          "help": "LLM provider (default: auto-detected). Overrides FLEDGE_AI_PROVIDER and ai.provider in config",
          "required": false,
          "takes_value": true,
          "value_name": "NAME",
          "global": false
        },
        {
          "name": "with_model",
          "long": "with-model",
          "help": "Add another model to the review panel — runs in parallel against the same diff + spec context. Format: `provider[:model]`, e.g. `ollama:gpt-oss:120b-cloud` or just `anthropic` to use the active provider config. Repeatable and comma-separated",
          "required": false,
          "takes_value": true,
          "value_name": "REF",
          "global": false
        },
        {
          "name": "no_active",
          "long": "no-active",
          "help": "Drop the active config (--provider/--model or `fledge ai use`) from the panel. Only the explicit --with-model entries will run. Useful for \"compare exactly these N models\"",
          "required": false,
          "takes_value": false,
          "global": false
        },
        {
          "name": "non_interactive",
          "long": "non-interactive",
          "aliases": [
            "ni"
          ],
          "help": "Run without prompts: treat every interactive confirmation as --yes, and bail with a clear error on prompts that have no default. Also settable via the FLEDGE_NON_INTERACTIVE env var",
          "required": false,
          "takes_value": false,
          "global": true
        }
      ],
      "subcommands": []
    },
    {
      "name": "run",
      "about": "Run a project task defined in fledge.toml",
      "aliases": [],
      "args": [
        {
          "name": "task",
          "help": "Task name to run (lists tasks if omitted)",
          "required": false,
          "takes_value": true,
          "value_name": "TASK",
          "global": false
        },
        {
          "name": "init",
          "long": "init",
          "help": "Create a starter fledge.toml",
          "required": false,
          "takes_value": false,
          "global": false
        },
        {
          "name": "list",
          "long": "list",
          "short": "l",
          "help": "List available tasks",
          "required": false,
          "takes_value": false,
          "global": false
        },
        {
          "name": "lang",
          "long": "lang",
          "help": "Override detected project language (e.g. rust, node, go, python, swift, ruby, java-gradle, java-maven)",
          "required": false,
          "takes_value": true,
          "value_name": "LANG",
          "global": false
        },
        {
          "name": "json",
          "long": "json",
          "help": "Output results as JSON",
          "required": false,
          "takes_value": false,
          "global": false
        },
        {
          "name": "args",
          "help": "Arguments passed through to the task's command, after a `--` separator. Example: `fledge run test -- --release` or `fledge run set-version -- 1.2.3`. They are appended to the command (or fill `$1`, `$@` if it references them) and never spliced into the command string",
          "required": false,
          "takes_value": true,
          "value_name": "ARGS",
          "global": false
        },
        {
          "name": "non_interactive",
          "long": "non-interactive",
          "aliases": [
            "ni"
          ],
          "help": "Run without prompts: treat every interactive confirmation as --yes, and bail with a clear error on prompts that have no default. Also settable via the FLEDGE_NON_INTERACTIVE env var",
          "required": false,
          "takes_value": false,
          "global": true
        }
      ],
      "subcommands": []
    },
    {
      "name": "spec",
      "about": "Manage specs (check, init, new)",
      "aliases": [],
      "args": [
        {
          "name": "non_interactive",
          "long": "non-interactive",
          "aliases": [
            "ni"
          ],
          "help": "Run without prompts: treat every interactive confirmation as --yes, and bail with a clear error on prompts that have no default. Also settable via the FLEDGE_NON_INTERACTIVE env var",
          "required": false,
          "takes_value": false,
          "global": true
        }
      ],
      "subcommands": [
        {
          "name": "check",
          "about": "Validate specs against source code",
          "aliases": [],
          "args": [
            {
              "name": "strict",
              "long": "strict",
              "help": "Treat warnings as errors",
              "required": false,
              "takes_value": false,
              "global": false
            },
            {
              "name": "json",
              "long": "json",
              "help": "Output as JSON",
              "required": false,
              "takes_value": false,
              "global": false
            },
            {
              "name": "non_interactive",
              "long": "non-interactive",
              "aliases": [
                "ni"
              ],
              "help": "Run without prompts: treat every interactive confirmation as --yes, and bail with a clear error on prompts that have no default. Also settable via the FLEDGE_NON_INTERACTIVE env var",
              "required": false,
              "takes_value": false,
              "global": true
            }
          ],
          "subcommands": []
        },
        {
          "name": "init",
          "about": "Initialize spec-sync configuration",
          "aliases": [],
          "args": [
            {
              "name": "non_interactive",
              "long": "non-interactive",
              "aliases": [
                "ni"
              ],
              "help": "Run without prompts: treat every interactive confirmation as --yes, and bail with a clear error on prompts that have no default. Also settable via the FLEDGE_NON_INTERACTIVE env var",
              "required": false,
              "takes_value": false,
              "global": true
            }
          ],
          "subcommands": []
        },
        {
          "name": "list",
          "about": "List all specs in the project",
          "aliases": [],
          "args": [
            {
              "name": "json",
              "long": "json",
              "help": "Output as JSON",
              "required": false,
              "takes_value": false,
              "global": false
            },
            {
              "name": "non_interactive",
              "long": "non-interactive",
              "aliases": [
                "ni"
              ],
              "help": "Run without prompts: treat every interactive confirmation as --yes, and bail with a clear error on prompts that have no default. Also settable via the FLEDGE_NON_INTERACTIVE env var",
              "required": false,
              "takes_value": false,
              "global": true
            }
          ],
          "subcommands": []
        },
        {
          "name": "new",
          "about": "Scaffold a new spec module",
          "aliases": [],
          "args": [
            {
              "name": "name",
              "help": "Module name",
              "required": true,
              "takes_value": true,
              "value_name": "NAME",
              "global": false
            },
            {
              "name": "non_interactive",
              "long": "non-interactive",
              "aliases": [
                "ni"
              ],
              "help": "Run without prompts: treat every interactive confirmation as --yes, and bail with a clear error on prompts that have no default. Also settable via the FLEDGE_NON_INTERACTIVE env var",
              "required": false,
              "takes_value": false,
              "global": true
            }
          ],
          "subcommands": []
        },
        {
          "name": "show",
          "about": "Show a single spec's frontmatter, sections, and companions",
          "aliases": [],
          "args": [
            {
              "name": "name",
              "help": "Module name",
              "required": true,
              "takes_value": true,
              "value_name": "NAME",
              "global": false
            },
            {
              "name": "json",
              "long": "json",
              "help": "Output as JSON",
              "required": false,
              "takes_value": false,
              "global": false
            },
            {
              "name": "non_interactive",
              "long": "non-interactive",
              "aliases": [
                "ni"
              ],
              "help": "Run without prompts: treat every interactive confirmation as --yes, and bail with a clear error on prompts that have no default. Also settable via the FLEDGE_NON_INTERACTIVE env var",
              "required": false,
              "takes_value": false,
              "global": true
            }
          ],
          "subcommands": []
        }
      ]
    },
    {
      "name": "templates",
      "about": "Manage templates (init, create, validate, list, search, publish)",
      "aliases": [],
      "args": [
        {
          "name": "non_interactive",
          "long": "non-interactive",
          "aliases": [
            "ni"
          ],
          "help": "Run without prompts: treat every interactive confirmation as --yes, and bail with a clear error on prompts that have no default. Also settable via the FLEDGE_NON_INTERACTIVE env var",
          "required": false,
          "takes_value": false,
          "global": true
        }
      ],
      "subcommands": [
        {
          "name": "init",
          "about": "Create a new project from a template",
          "aliases": [],
          "args": [
            {
              "name": "name",
              "help": "Project name",
              "required": true,
              "takes_value": true,
              "value_name": "NAME",
              "global": false
            },
            {
              "name": "template",
              "long": "template",
              "short": "t",
              "help": "Template to use (skip interactive selection)",
              "required": false,
              "takes_value": true,
              "value_name": "TEMPLATE",
              "global": false
            },
            {
              "name": "output",
              "long": "output",
              "short": "o",
              "help": "Parent directory for the project",
              "required": false,
              "takes_value": true,
              "value_name": "OUTPUT",
              "global": false
            },
            {
              "name": "author",
              "long": "author",
              "help": "Author name (bypasses prompt; overrides config)",
              "required": false,
              "takes_value": true,
              "value_name": "AUTHOR",
              "global": false
            },
            {
              "name": "org",
              "long": "org",
              "help": "GitHub organization (bypasses prompt; overrides config)",
              "required": false,
              "takes_value": true,
              "value_name": "ORG",
              "global": false
            },
            {
              "name": "no_git",
              "long": "no-git",
              "help": "Skip git init and initial commit",
              "required": false,
              "takes_value": false,
              "global": false
            },
            {
              "name": "no_install",
              "long": "no-install",
              "help": "Skip dependency installation (post-create hooks)",
              "required": false,
              "takes_value": false,
              "global": false
            },
            {
              "name": "refresh",
              "long": "refresh",
              "help": "Force re-clone of cached remote templates",
              "required": false,
              "takes_value": false,
              "global": false
            },
            {
              "name": "dry_run",
              "long": "dry-run",
              "help": "Show what would be created without writing anything",
              "required": false,
              "takes_value": false,
              "global": false
            },
            {
              "name": "yes",
              "long": "yes",
              "short": "y",
              "help": "Skip all confirmation prompts (accept defaults). For **local** templates this also auto-confirms post-create hooks. For **remote** templates it does NOT — use `--trust-hooks` to authorize hook execution from a remote source",
              "required": false,
              "takes_value": false,
              "global": false
            },
            {
              "name": "trust_hooks",
              "long": "trust-hooks",
              "help": "Authorize post-create hook execution for remote templates without an interactive prompt. Hooks run arbitrary shell commands — only pass this for remote templates from sources you trust. For local templates, `--yes` already authorizes hooks (they're authored by you). Also settable via `FLEDGE_TRUST_HOOKS=1`",
              "required": false,
              "takes_value": false,
              "global": false
            },
            {
              "name": "json",
              "long": "json",
              "help": "Output as JSON",
              "required": false,
              "takes_value": false,
              "global": false
            },
            {
              "name": "non_interactive",
              "long": "non-interactive",
              "aliases": [
                "ni"
              ],
              "help": "Run without prompts: treat every interactive confirmation as --yes, and bail with a clear error on prompts that have no default. Also settable via the FLEDGE_NON_INTERACTIVE env var",
              "required": false,
              "takes_value": false,
              "global": true
            }
          ],
          "subcommands": []
        },
        {
          "name": "create",
          "about": "Scaffold a new fledge template",
          "aliases": [],
          "args": [
            {
              "name": "name",
              "help": "Template name",
              "required": true,
              "takes_value": true,
              "value_name": "NAME",
              "global": false
            },
            {
              "name": "output",
              "long": "output",
              "short": "o",
              "help": "Parent directory for the template",
              "required": false,
              "takes_value": true,
              "value_name": "OUTPUT",
              "global": false
            },
            {
              "name": "description",
              "long": "description",
              "short": "d",
              "help": "Template description (bypasses prompt)",
              "required": false,
              "takes_value": true,
              "value_name": "DESCRIPTION",
              "global": false
            },
            {
              "name": "render_patterns",
              "long": "render-patterns",
              "help": "Comma-separated file patterns to render through Tera (bypasses prompt)",
              "required": false,
              "takes_value": true,
              "value_name": "RENDER_PATTERNS",
              "global": false
            },
            {
              "name": "hooks",
              "long": "hooks",
              "help": "Include post-create hooks scaffold (bypasses prompt)",
              "required": false,
              "takes_value": true,
              "value_name": "HOOKS",
              "global": false
            },
            {
              "name": "prompts",
              "long": "prompts",
              "help": "Include custom prompts scaffold (bypasses prompt)",
              "required": false,
              "takes_value": true,
              "value_name": "PROMPTS",
              "global": false
            },
            {
              "name": "yes",
              "long": "yes",
              "short": "y",
              "help": "Skip all interactive prompts (accept defaults)",
              "required": false,
              "takes_value": false,
              "global": false
            },
            {
              "name": "json",
              "long": "json",
              "help": "Output as JSON",
              "required": false,
              "takes_value": false,
              "global": false
            },
            {
              "name": "non_interactive",
              "long": "non-interactive",
              "aliases": [
                "ni"
              ],
              "help": "Run without prompts: treat every interactive confirmation as --yes, and bail with a clear error on prompts that have no default. Also settable via the FLEDGE_NON_INTERACTIVE env var",
              "required": false,
              "takes_value": false,
              "global": true
            }
          ],
          "subcommands": []
        },
        {
          "name": "validate",
          "about": "Validate a template or directory of templates",
          "aliases": [],
          "args": [
            {
              "name": "path",
              "help": "Path to a template or directory of templates",
              "required": false,
              "takes_value": true,
              "value_name": "PATH",
              "global": false
            },
            {
              "name": "strict",
              "long": "strict",
              "help": "Treat warnings as errors",
              "required": false,
              "takes_value": false,
              "global": false
            },
            {
              "name": "json",
              "long": "json",
              "help": "Output as JSON",
              "required": false,
              "takes_value": false,
              "global": false
            },
            {
              "name": "non_interactive",
              "long": "non-interactive",
              "aliases": [
                "ni"
              ],
              "help": "Run without prompts: treat every interactive confirmation as --yes, and bail with a clear error on prompts that have no default. Also settable via the FLEDGE_NON_INTERACTIVE env var",
              "required": false,
              "takes_value": false,
              "global": true
            }
          ],
          "subcommands": []
        },
        {
          "name": "list",
          "about": "List available templates",
          "aliases": [],
          "args": [
            {
              "name": "json",
              "long": "json",
              "help": "Output as JSON",
              "required": false,
              "takes_value": false,
              "global": false
            },
            {
              "name": "non_interactive",
              "long": "non-interactive",
              "aliases": [
                "ni"
              ],
              "help": "Run without prompts: treat every interactive confirmation as --yes, and bail with a clear error on prompts that have no default. Also settable via the FLEDGE_NON_INTERACTIVE env var",
              "required": false,
              "takes_value": false,
              "global": true
            }
          ],
          "subcommands": []
        },
        {
          "name": "search",
          "about": "Search GitHub for community templates (fledge-template topic)",
          "aliases": [],
          "args": [
            {
              "name": "query",
              "help": "Keyword to filter results",
              "required": false,
              "takes_value": true,
              "value_name": "QUERY",
              "global": false
            },
            {
              "name": "author",
              "long": "author",
              "short": "a",
              "help": "Filter by author/owner",
              "required": false,
              "takes_value": true,
              "value_name": "AUTHOR",
              "global": false
            },
            {
              "name": "limit",
              "long": "limit",
              "short": "l",
              "help": "Maximum number of results",
              "required": false,
              "takes_value": true,
              "value_name": "LIMIT",
              "global": false
            },
            {
              "name": "json",
              "long": "json",
              "help": "Output as JSON",
              "required": false,
              "takes_value": false,
              "global": false
            },
            {
              "name": "non_interactive",
              "long": "non-interactive",
              "aliases": [
                "ni"
              ],
              "help": "Run without prompts: treat every interactive confirmation as --yes, and bail with a clear error on prompts that have no default. Also settable via the FLEDGE_NON_INTERACTIVE env var",
              "required": false,
              "takes_value": false,
              "global": true
            }
          ],
          "subcommands": []
        },
        {
          "name": "publish",
          "about": "Publish a template directory to GitHub",
          "aliases": [],
          "args": [
            {
              "name": "path",
              "help": "Path to the template directory",
              "required": false,
              "takes_value": true,
              "value_name": "PATH",
              "global": false
            },
            {
              "name": "org",
              "long": "org",
              "help": "Publish under a GitHub organization",
              "required": false,
              "takes_value": true,
              "value_name": "ORG",
              "global": false
            },
            {
              "name": "private",
              "long": "private",
              "help": "Create as a private repository",
              "required": false,
              "takes_value": false,
              "global": false
            },
            {
              "name": "description",
              "long": "description",
              "help": "Override the repository description",
              "required": false,
              "takes_value": true,
              "value_name": "DESCRIPTION",
              "global": false
            },
            {
              "name": "yes",
              "long": "yes",
              "short": "y",
              "help": "Skip all confirmation prompts",
              "required": false,
              "takes_value": false,
              "global": false
            },
            {
              "name": "json",
              "long": "json",
              "help": "Output as JSON",
              "required": false,
              "takes_value": false,
              "global": false
            },
            {
              "name": "non_interactive",
              "long": "non-interactive",
              "aliases": [
                "ni"
              ],
              "help": "Run without prompts: treat every interactive confirmation as --yes, and bail with a clear error on prompts that have no default. Also settable via the FLEDGE_NON_INTERACTIVE env var",
              "required": false,
              "takes_value": false,
              "global": true
            }
          ],
          "subcommands": []
        }
      ]
    },
    {
      "name": "watch",
      "about": "Watch for file changes and re-run a task or lane",
      "aliases": [],
      "args": [
        {
          "name": "name",
          "help": "Task name to re-run on changes (use --lane for lanes)",
          "required": true,
          "takes_value": true,
          "value_name": "NAME",
          "global": false
        },
        {
          "name": "lane",
          "long": "lane",
          "help": "Watch and re-run a lane instead of a task",
          "required": false,
          "takes_value": false,
          "global": false
        },
        {
          "name": "path",
          "long": "path",
          "short": "p",
          "help": "Only watch a specific directory (default: current directory)",
          "required": false,
          "takes_value": true,
          "value_name": "PATH",
          "global": false
        },
        {
          "name": "ext",
          "long": "ext",
          "short": "e",
          "help": "Only trigger on specific file extensions (comma-separated, e.g. \"rs,toml\")",
          "required": false,
          "takes_value": true,
          "value_name": "EXT",
          "global": false
        },
        {
          "name": "debounce",
          "long": "debounce",
          "short": "d",
          "help": "Debounce interval in milliseconds",
          "required": false,
          "takes_value": true,
          "value_name": "DEBOUNCE",
          "global": false
        },
        {
          "name": "clear",
          "long": "clear",
          "help": "Clear terminal before each run",
          "required": false,
          "takes_value": false,
          "global": false
        },
        {
          "name": "non_interactive",
          "long": "non-interactive",
          "aliases": [
            "ni"
          ],
          "help": "Run without prompts: treat every interactive confirmation as --yes, and bail with a clear error on prompts that have no default. Also settable via the FLEDGE_NON_INTERACTIVE env var",
          "required": false,
          "takes_value": false,
          "global": true
        }
      ],
      "subcommands": []
    },
    {
      "name": "work",
      "about": "Feature branch and PR workflow",
      "aliases": [],
      "args": [
        {
          "name": "non_interactive",
          "long": "non-interactive",
          "aliases": [
            "ni"
          ],
          "help": "Run without prompts: treat every interactive confirmation as --yes, and bail with a clear error on prompts that have no default. Also settable via the FLEDGE_NON_INTERACTIVE env var",
          "required": false,
          "takes_value": false,
          "global": true
        }
      ],
      "subcommands": [
        {
          "name": "start",
          "about": "Start a new work branch",
          "aliases": [],
          "args": [
            {
              "name": "name",
              "help": "Branch name (will be sanitized for git)",
              "required": true,
              "takes_value": true,
              "value_name": "NAME",
              "global": false
            },
            {
              "name": "branch_type",
              "long": "branch-type",
              "short": "t",
              "help": "Branch type: feat, fix, chore, docs, hotfix, refactor (default: feat)",
              "required": false,
              "takes_value": true,
              "value_name": "TYPE",
              "global": false
            },
            {
              "name": "issue",
              "long": "issue",
              "short": "i",
              "help": "Link to GitHub issue (prefixes branch name with issue number)",
              "required": false,
              "takes_value": true,
              "value_name": "NUMBER",
              "global": false
            },
            {
              "name": "prefix",
              "long": "prefix",
              "help": "Override branch prefix entirely (e.g. \"user/leif\")",
              "required": false,
              "takes_value": true,
              "value_name": "PREFIX",
              "global": false
            },
            {
              "name": "base",
              "long": "base",
              "help": "Base branch to branch from (default: main)",
              "required": false,
              "takes_value": true,
              "value_name": "BASE",
              "global": false
            },
            {
              "name": "json",
              "long": "json",
              "help": "Output as JSON",
              "required": false,
              "takes_value": false,
              "global": false
            },
            {
              "name": "non_interactive",
              "long": "non-interactive",
              "aliases": [
                "ni"
              ],
              "help": "Run without prompts: treat every interactive confirmation as --yes, and bail with a clear error on prompts that have no default. Also settable via the FLEDGE_NON_INTERACTIVE env var",
              "required": false,
              "takes_value": false,
              "global": true
            }
          ],
          "subcommands": []
        },
        {
          "name": "commit",
          "about": "Stage changes and create a conventional commit",
          "aliases": [],
          "args": [
            {
              "name": "message",
              "long": "message",
              "short": "m",
              "help": "Commit message (prompted interactively if omitted)",
              "required": false,
              "takes_value": true,
              "value_name": "MESSAGE",
              "global": false
            },
            {
              "name": "commit_type",
              "long": "type",
              "short": "t",
              "help": "Commit type: feat, fix, chore, docs, refactor, etc. (default: from branch or \"feat\")",
              "required": false,
              "takes_value": true,
              "value_name": "TYPE",
              "global": false
            },
            {
              "name": "scope",
              "long": "scope",
              "short": "s",
              "help": "Scope for conventional commit (e.g. \"work\", \"cli\")",
              "required": false,
              "takes_value": true,
              "value_name": "SCOPE",
              "global": false
            },
            {
              "name": "all",
              "long": "all",
              "short": "a",
              "help": "Stage all changes (including untracked) before committing",
              "required": false,
              "takes_value": false,
              "global": false
            },
            {
              "name": "ai",
              "long": "ai",
              "help": "Generate commit message via AI from the staged diff",
              "required": false,
              "takes_value": false,
              "global": false
            },
            {
              "name": "provider",
              "long": "provider",
              "help": "Override AI provider for --ai (default: auto-detected)",
              "required": false,
              "takes_value": true,
              "value_name": "PROVIDER",
              "global": false
            },
            {
              "name": "model",
              "long": "model",
              "help": "Override AI model for --ai",
              "required": false,
              "takes_value": true,
              "value_name": "MODEL",
              "global": false
            },
            {
              "name": "json",
              "long": "json",
              "help": "Output as JSON",
              "required": false,
              "takes_value": false,
              "global": false
            },
            {
              "name": "non_interactive",
              "long": "non-interactive",
              "aliases": [
                "ni"
              ],
              "help": "Run without prompts: treat every interactive confirmation as --yes, and bail with a clear error on prompts that have no default. Also settable via the FLEDGE_NON_INTERACTIVE env var",
              "required": false,
              "takes_value": false,
              "global": true
            }
          ],
          "subcommands": []
        },
        {
          "name": "push",
          "about": "Push the current branch to origin",
          "aliases": [],
          "args": [
            {
              "name": "force",
              "long": "force",
              "short": "f",
              "help": "Force push (--force-with-lease for safety)",
              "required": false,
              "takes_value": false,
              "global": false
            },
            {
              "name": "json",
              "long": "json",
              "help": "Output as JSON",
              "required": false,
              "takes_value": false,
              "global": false
            },
            {
              "name": "non_interactive",
              "long": "non-interactive",
              "aliases": [
                "ni"
              ],
              "help": "Run without prompts: treat every interactive confirmation as --yes, and bail with a clear error on prompts that have no default. Also settable via the FLEDGE_NON_INTERACTIVE env var",
              "required": false,
              "takes_value": false,
              "global": true
            }
          ],
          "subcommands": []
        },
        {
          "name": "status",
          "about": "Show current branch status (pure git, no GitHub dependency)",
          "aliases": [],
          "args": [
            {
              "name": "json",
              "long": "json",
              "help": "Output as JSON",
              "required": false,
              "takes_value": false,
              "global": false
            },
            {
              "name": "non_interactive",
              "long": "non-interactive",
              "aliases": [
                "ni"
              ],
              "help": "Run without prompts: treat every interactive confirmation as --yes, and bail with a clear error on prompts that have no default. Also settable via the FLEDGE_NON_INTERACTIVE env var",
              "required": false,
              "takes_value": false,
              "global": true
            }
          ],
          "subcommands": []
        },
        {
          "name": "pr",
          "about": "`[Deprecated]` Use `fledge github prs create` (fledge-plugin-github) to open pull requests",
          "aliases": [],
          "args": [
            {
              "name": "_args",
              "required": false,
              "takes_value": true,
              "value_name": "ARGS",
              "global": false
            },
            {
              "name": "non_interactive",
              "long": "non-interactive",
              "aliases": [
                "ni"
              ],
              "help": "Run without prompts: treat every interactive confirmation as --yes, and bail with a clear error on prompts that have no default. Also settable via the FLEDGE_NON_INTERACTIVE env var",
              "required": false,
              "takes_value": false,
              "global": true
            }
          ],
          "subcommands": []
        }
      ]
    }
  ]
}
